[api-server] Escuchando en http://0.0.0.0:3002
[sudoers] Ejecutando playbook para usuario: federico, root: true
[sudoers] Playbook OK. Obteniendo UID...
[sudoers] OK:
PLAY [Gestionar usuario sudoers] ***********************************************

TASK [Gathering Facts] *********************************************************
ok: [localhost]

TASK [sudoers : Verificar que sudoers_user está definido] **********************
skipping: [localhost]

TASK [sudoers : Crear usuario del sistema federico] ****************************
changed: [localhost]

TASK [sudoers : Asignar contraseña al usuario federico] ************************
changed: [localhost]

TASK [sudoers : Crear archivo en /etc/sudoers.d/federico (con permisos root)] ***
changed: [localhost]

TASK [sudoers : Crear archivo en /etc/sudoers.d/federico (sin permisos root totales)] ***
skipping: [localhost]

TASK [sudoers : Confirmar configuración aplicada] ******************************
ok: [localhost] => {
    "msg": "Usuario 'federico' configurado con éxito. Root: true. Archivo: /etc/sudoers.d/federico\n"
}

PLAY RECAP *********************************************************************
localhost                  : ok=5    changed=3    unreachable=0    failed=0    skipped=2    rescued=0    ignored=0   


[WARNING]: No inventory was parsed, only implicit localhost is available
[WARNING]: provided hosts list is empty, only localhost is available. Note that
the implicit localhost does not match 'all'
UID: 1005
